python : Creating 
test database for 
alias 'default'...
At line:1 char:1
+ python manage.py 
test apps.consults > 
test_output.txt 2>&1
+ ~~~~~~~~~~~~~~~~~~~~
~~~~~~~~~~~~~~~~~~~~~~
~~~~~~~~~~~~~~~~
    + CategoryInfo    
          : NotSpeci  
  fied: (Creating t   
 est d...as 'defau    
lt'...:String) []    
, RemoteException
    + FullyQualifiedE 
   rrorId : NativeCo  
  mmandError
 

Found 2 test(s).
Traceback (most 
recent call last):
  File "C:\Users\Munai
m\Desktop\consult\back
end\manage.py", line 
22, in <module>
    main()
  File "C:\Users\Munai
m\Desktop\consult\back
end\manage.py", line 
18, in main
    execute_from_comma
nd_line(sys.argv)
  File "C:\Users\Munai
m\AppData\Local\Progra
ms\Python\Python312\Li
b\site-packages\django
\core\management\__ini
t__.py", line 442, in 
execute_from_command_l
ine
    utility.execute()
  File "C:\Users\Munai
m\AppData\Local\Progra
ms\Python\Python312\Li
b\site-packages\django
\core\management\__ini
t__.py", line 436, in 
execute
    self.fetch_command
(subcommand).run_from_
argv(self.argv)
  File "C:\Users\Munai
m\AppData\Local\Progra
ms\Python\Python312\Li
b\site-packages\django
\core\management\comma
nds\test.py", line 
24, in run_from_argv
    super().run_from_a
rgv(argv)
  File "C:\Users\Munai
m\AppData\Local\Progra
ms\Python\Python312\Li
b\site-packages\django
\core\management\base.
py", line 412, in 
run_from_argv
    
self.execute(*args, 
**cmd_options)
  File "C:\Users\Munai
m\AppData\Local\Progra
ms\Python\Python312\Li
b\site-packages\django
\core\management\base.
py", line 458, in 
execute
    output = 
self.handle(*args, 
**options)
             ^^^^^^^^^
^^^^^^^^^^^^^^^^^^^^
  File "C:\Users\Munai
m\AppData\Local\Progra
ms\Python\Python312\Li
b\site-packages\django
\core\management\comma
nds\test.py", line 
68, in handle
    failures = test_ru
nner.run_tests(test_la
bels)
               ^^^^^^^
^^^^^^^^^^^^^^^^^^^^^^
^^^^^
  File "C:\Users\Munai
m\AppData\Local\Progra
ms\Python\Python312\Li
b\site-packages\django
\test\runner.py", 
line 1061, in 
run_tests
    old_config = 
self.setup_databases(
                 
^^^^^^^^^^^^^^^^^^^^^
  File "C:\Users\Munai
m\AppData\Local\Progra
ms\Python\Python312\Li
b\site-packages\django
\test\runner.py", 
line 959, in 
setup_databases
    return 
_setup_databases(
           
^^^^^^^^^^^^^^^^^
  File "C:\Users\Munai
m\AppData\Local\Progra
ms\Python\Python312\Li
b\site-packages\django
\test\utils.py", line 
203, in 
setup_databases
    connection.creatio
n.create_test_db(
  File "C:\Users\Munai
m\AppData\Local\Progra
ms\Python\Python312\Li
b\site-packages\django
\db\backends\base\crea
tion.py", line 78, in 
create_test_db
    call_command(
  File "C:\Users\Munai
m\AppData\Local\Progra
ms\Python\Python312\Li
b\site-packages\django
\core\management\__ini
t__.py", line 194, in 
call_command
    return command.exe
cute(*args, 
**defaults)
           ^^^^^^^^^^^
^^^^^^^^^^^^^^^^^^^^^^
^
  File "C:\Users\Munai
m\AppData\Local\Progra
ms\Python\Python312\Li
b\site-packages\django
\core\management\base.
py", line 458, in 
execute
    output = 
self.handle(*args, 
**options)
             ^^^^^^^^^
^^^^^^^^^^^^^^^^^^^^
  File "C:\Users\Munai
m\AppData\Local\Progra
ms\Python\Python312\Li
b\site-packages\django
\core\management\base.
py", line 106, in 
wrapper
    res = 
handle_func(*args, 
**kwargs)
          ^^^^^^^^^^^^
^^^^^^^^^^^^^^^^
  File "C:\Users\Munai
m\AppData\Local\Progra
ms\Python\Python312\Li
b\site-packages\django
\core\management\comma
nds\migrate.py", line 
356, in handle
    
post_migrate_state = 
executor.migrate(
                      
   ^^^^^^^^^^^^^^^^^
  File "C:\Users\Munai
m\AppData\Local\Progra
ms\Python\Python312\Li
b\site-packages\django
\db\migrations\executo
r.py", line 135, in 
migrate
    state = self._migr
ate_all_forwards(
            ^^^^^^^^^^
^^^^^^^^^^^^^^^^^
  File "C:\Users\Munai
m\AppData\Local\Progra
ms\Python\Python312\Li
b\site-packages\django
\db\migrations\executo
r.py", line 167, in 
_migrate_all_forwards
    state = 
self.apply_migration(
            
^^^^^^^^^^^^^^^^^^^^^
  File "C:\Users\Munai
m\AppData\Local\Progra
ms\Python\Python312\Li
b\site-packages\django
\db\migrations\executo
r.py", line 252, in 
apply_migration
    state = migration.
apply(state, 
schema_editor)
            ^^^^^^^^^^
^^^^^^^^^^^^^^^^^^^^^^
^^^^^
  File "C:\Users\Munai
m\AppData\Local\Progra
ms\Python\Python312\Li
b\site-packages\django
\db\migrations\migrati
on.py", line 132, in 
apply
    operation.database
_forwards(
  File "C:\Users\Munai
m\AppData\Local\Progra
ms\Python\Python312\Li
b\site-packages\django
\db\migrations\operati
ons\special.py", line 
193, in 
database_forwards
    self.code(from_sta
te.apps, 
schema_editor)
  File "C:\Users\Munai
m\AppData\Local\Progra
ms\Python\Python312\Li
b\site-packages\allaut
h\account\migrations\0
008_emailaddress_uniqu
e_primary_email_fixup.
py", line 35, in 
forwards
    for user in get_us
ers_with_multiple_prim
ary_email().iterator(2
000):
                ^^^^^^
^^^^^^^^^^^^^^^^^^^^^^
^^^^^^^^^^^^^^^^^^^^^^
^^^^
  File "C:\Users\Munai
m\AppData\Local\Progra
ms\Python\Python312\Li
b\site-packages\django
\db\models\query.py", 
line 516, in _iterator
    yield from 
iterable
  File "C:\Users\Munai
m\AppData\Local\Progra
ms\Python\Python312\Li
b\site-packages\django
\db\models\query.py", 
line 91, in __iter__
    results = 
compiler.execute_sql(
              
^^^^^^^^^^^^^^^^^^^^^
  File "C:\Users\Munai
m\AppData\Local\Progra
ms\Python\Python312\Li
b\site-packages\django
\db\models\sql\compile
r.py", line 1549, in 
execute_sql
    sql, params = 
self.as_sql()
                  
^^^^^^^^^^^^^
  File "C:\Users\Munai
m\AppData\Local\Progra
ms\Python\Python312\Li
b\site-packages\django
\db\models\sql\compile
r.py", line 736, in 
as_sql
    extra_select, 
order_by, group_by = 
self.pre_sql_setup(
                      
                 
^^^^^^^^^^^^^^^^^^^
  File "C:\Users\Munai
m\AppData\Local\Progra
ms\Python\Python312\Li
b\site-packages\django
\db\models\sql\compile
r.py", line 85, in 
pre_sql_setup
    order_by = 
self.get_order_by()
               
^^^^^^^^^^^^^^^^^^^
  File "C:\Users\Munai
m\AppData\Local\Progra
ms\Python\Python312\Li
b\site-packages\django
\db\models\sql\compile
r.py", line 459, in 
get_order_by
    for expr, is_ref 
in self._order_by_pair
s():
                      
  
^^^^^^^^^^^^^^^^^^^^^^
  File "C:\Users\Munai
m\AppData\Local\Progra
ms\Python\Python312\Li
b\site-packages\django
\db\models\sql\compile
r.py", line 442, in 
_order_by_pairs
    yield from self.fi
nd_ordering_name(
               ^^^^^^^
^^^^^^^^^^^^^^^^^
  File "C:\Users\Munai
m\AppData\Local\Progra
ms\Python\Python312\Li
b\site-packages\django
\db\models\sql\compile
r.py", line 1045, in 
find_ordering_name
    ) = self._setup_jo
ins(pieces, opts, 
alias)
        ^^^^^^^^^^^^^^
^^^^^^^^^^^^^^^^^^^^^^
^^
  File "C:\Users\Munai
m\AppData\Local\Progra
ms\Python\Python312\Li
b\site-packages\django
\db\models\sql\compile
r.py", line 1100, in 
_setup_joins
    field, targets, 
opts, joins, path, 
transform_function = s
elf.query.setup_joins(
                      
                      
                ^^^^^^
^^^^^^^^^^^^^^^^^
  File "C:\Users\Munai
m\AppData\Local\Progra
ms\Python\Python312\Li
b\site-packages\django
\db\models\sql\query.p
y", line 1854, in 
setup_joins
    path, 
final_field, targets, 
rest = 
self.names_to_path(
                      
                 
^^^^^^^^^^^^^^^^^^^
  File "C:\Users\Munai
m\AppData\Local\Progra
ms\Python\Python312\Li
b\site-packages\django
\db\models\sql\query.p
y", line 1759, in 
names_to_path
    raise FieldError(
django.core.exceptions
.FieldError: Cannot 
resolve keyword 
'department' into 
field. Choices are: 
date_joined, 
designation, email, 
emailaddress, 
first_name, id, 
is_active, 
is_on_call, is_staff, 
is_superuser, 
last_login, 
last_name, password, 
phone_number, 
profile_photo, role, 
seniority_level, 
username
